[INFO] Scanning for projects...
[WARNING] 
[WARNING] Some problems were encountered while building the effective model for com.github.kevinsawicki:http-request:jar:6.1-SNAPSHOT
[WARNING] 'parent.relativePath' of POM com.github.kevinsawicki:http-request:6.1-SNAPSHOT (/work/http-request/lib/pom.xml) points at com.github.kevinsawicki:http-request-parent instead of org.sonatype.oss:oss-parent, please verify your project structure @ line 5, column 11
[WARNING] Reporting configuration should be done in <reporting> section, not in maven-site-plugin <configuration> as reportPlugins parameter. @ line 139, column 24
[WARNING] 
[WARNING] It is highly recommended to fix these problems because they threaten the stability of your build.
[WARNING] 
[WARNING] For this reason, future Maven versions might no longer support building such malformed projects.
[WARNING] 
[INFO] ------------------------------------------------------------------------
[INFO] BUILD FAILURE
[INFO] ------------------------------------------------------------------------
[INFO] Total time:  0.831 s
[INFO] Finished at: 2026-08-19T11:22:43Z
[INFO] ------------------------------------------------------------------------
[ERROR] Could not find goal 'minimize' in plugin edu.illinois.cs:idflakies-maven-plugin:2.0.0 among available goals bulk, detect, help, replay, testTime -> [Help 1]
[ERROR] 
[ERROR] To see the full stack trace of the errors, re-run Maven with the -e switch.
[ERROR] Re-run Maven using the -X switch to enable full debug logging.
[ERROR] 
[ERROR] For more information about the errors and possible solutions, please read the following articles:
[ERROR] [Help 1] http://cwiki.apache.org/confluence/display/MAVEN/MojoNotFoundException
